current directory: /home/runner/work/async-http-capture/async-http-capture/vendor/bundle/ruby/3.2.0/gems/rbs-3.9.4/ext/rbs_extension
/usr/bin/ruby3.2 -I/usr/lib/ruby/vendor_ruby extconf.rb
checking for whether -std=gnu99 is accepted as CFLAGS... yes
creating Makefile

current directory: /home/runner/work/async-http-capture/async-http-capture/vendor/bundle/ruby/3.2.0/gems/rbs-3.9.4/ext/rbs_extension
make DESTDIR\= sitearchdir\=./.gem.20250819-3901-g32l37 sitelibdir\=./.gem.20250819-3901-g32l37 clean

current directory: /home/runner/work/async-http-capture/async-http-capture/vendor/bundle/ruby/3.2.0/gems/rbs-3.9.4/ext/rbs_extension
make DESTDIR\= sitearchdir\=./.gem.20250819-3901-g32l37 sitelibdir\=./.gem.20250819-3901-g32l37
compiling ./../../src/constants.c
compiling lexer.c
compiling lexstate.c
compiling location.c
compiling main.c
compiling parser.c
compiling parserstate.c
compiling ./../../src/util/rbs_constant_pool.c
compiling ./../../src/ruby_objs.c
compiling unescape.c
linking shared-object rbs_extension.so

current directory: /home/runner/work/async-http-capture/async-http-capture/vendor/bundle/ruby/3.2.0/gems/rbs-3.9.4/ext/rbs_extension
make DESTDIR\= sitearchdir\=./.gem.20250819-3901-g32l37 sitelibdir\=./.gem.20250819-3901-g32l37 install
/usr/bin/install -c -m 0755 rbs_extension.so ./.gem.20250819-3901-g32l37

current directory: /home/runner/work/async-http-capture/async-http-capture/vendor/bundle/ruby/3.2.0/gems/rbs-3.9.4/ext/rbs_extension
make DESTDIR\= sitearchdir\=./.gem.20250819-3901-g32l37 sitelibdir\=./.gem.20250819-3901-g32l37 clean
